Jupyter Kernel Gateway 3.0.1 is available at http://127.0.0.1:8888
Kernel started: d452bd6d-67c7-4e76-a498-5f2be1be8078
No session ID specified
Adapting from protocol version 5.3 (kernel d452bd6d-67c7-4e76-a498-5f2be1be8078) to 5.4 (client).
Connecting to kernel d452bd6d-67c7-4e76-a498-5f2be1be8078.
WebSocket ping timeout after 108791 ms.
Starting buffering for d452bd6d-67c7-4e76-a498-5f2be1be8078:0205ea0f-3388df30a8aba585f4be7629
Interrupted...
Jupyter Kernel Gateway 3.0.1 is available at http://127.0.0.1:8888
Kernel started: 85608771-9077-423a-9bc1-8be16c082d5e
No session ID specified
Adapting from protocol version 5.3 (kernel 85608771-9077-423a-9bc1-8be16c082d5e) to 5.4 (client).
Connecting to kernel 85608771-9077-423a-9bc1-8be16c082d5e.
Interrupted...
Jupyter Kernel Gateway 3.0.1 is available at http://127.0.0.1:8888
Kernel started: bb9f82cb-0232-4aa1-b50f-643cbdbb8f35
No session ID specified
Adapting from protocol version 5.3 (kernel bb9f82cb-0232-4aa1-b50f-643cbdbb8f35) to 5.4 (client).
Connecting to kernel bb9f82cb-0232-4aa1-b50f-643cbdbb8f35.
Interrupted...
Writing Jupyter server cookie secret to /root/.local/share/jupyter/runtime/jupyter_cookie_secret
Jupyter Kernel Gateway 3.0.1 is available at http://127.0.0.1:8888
Kernel started: a3440ff7-df70-4722-a6d1-59ea20b470d4
No session ID specified
Adapting from protocol version 5.3 (kernel a3440ff7-df70-4722-a6d1-59ea20b470d4) to 5.4 (client).
Connecting to kernel a3440ff7-df70-4722-a6d1-59ea20b470d4.
received signal 2, stopping
interrupted
Shutting down...
Kernel shutdown: a3440ff7-df70-4722-a6d1-59ea20b470d4
Kernel shutdown: a3440ff7-df70-4722-a6d1-59ea20b470d4
Writing Jupyter server cookie secret to /root/.local/share/jupyter/runtime/jupyter_cookie_secret
Jupyter Kernel Gateway 3.0.1 is available at http://127.0.0.1:8888
Kernel started: fbc1aa10-d6ee-43bc-a12b-6b76f1f63f19
No session ID specified
Adapting from protocol version 5.3 (kernel fbc1aa10-d6ee-43bc-a12b-6b76f1f63f19) to 5.4 (client).
Connecting to kernel fbc1aa10-d6ee-43bc-a12b-6b76f1f63f19.
interrupted
Shutting down...
Kernel shutdown: fbc1aa10-d6ee-43bc-a12b-6b76f1f63f19
Writing Jupyter server cookie secret to /root/.local/share/jupyter/runtime/jupyter_cookie_secret
Jupyter Kernel Gateway 3.0.1 is available at http://127.0.0.1:8888
Kernel started: a157efc3-8a6e-480a-acb7-372b8762b657
No session ID specified
Adapting from protocol version 5.3 (kernel a157efc3-8a6e-480a-acb7-372b8762b657) to 5.4 (client).
Connecting to kernel a157efc3-8a6e-480a-acb7-372b8762b657.
interrupted
Shutting down...
Kernel shutdown: a157efc3-8a6e-480a-acb7-372b8762b657
Writing Jupyter server cookie secret to /root/.local/share/jupyter/runtime/jupyter_cookie_secret
Jupyter Kernel Gateway 3.0.1 is available at http://127.0.0.1:8888
Kernel started: 790ed4b6-8262-485d-8c9a-60b95bdba471
No session ID specified
Adapting from protocol version 5.3 (kernel 790ed4b6-8262-485d-8c9a-60b95bdba471) to 5.4 (client).
Connecting to kernel 790ed4b6-8262-485d-8c9a-60b95bdba471.
interrupted
Shutting down...
Kernel shutdown: 790ed4b6-8262-485d-8c9a-60b95bdba471
Writing Jupyter server cookie secret to /root/.local/share/jupyter/runtime/jupyter_cookie_secret
Jupyter Kernel Gateway 3.0.1 is available at http://127.0.0.1:8888
Kernel started: 86079036-061a-4bfc-a3b7-77d12138eaba
No session ID specified
Adapting from protocol version 5.3 (kernel 86079036-061a-4bfc-a3b7-77d12138eaba) to 5.4 (client).
Connecting to kernel 86079036-061a-4bfc-a3b7-77d12138eaba.
interrupted
Shutting down...
Kernel shutdown: 86079036-061a-4bfc-a3b7-77d12138eaba
Writing Jupyter server cookie secret to /root/.local/share/jupyter/runtime/jupyter_cookie_secret
Jupyter Kernel Gateway 3.0.1 is available at http://127.0.0.1:8888
Kernel started: 561c42c7-7259-432a-8ee5-f75bacf50989
No session ID specified
Adapting from protocol version 5.3 (kernel 561c42c7-7259-432a-8ee5-f75bacf50989) to 5.4 (client).
Connecting to kernel 561c42c7-7259-432a-8ee5-f75bacf50989.
interrupted
Shutting down...
Kernel shutdown: 561c42c7-7259-432a-8ee5-f75bacf50989
